../Core/Src/main.c:82:5:__io_putchar	16	static
../Core/Src/main.c:88:10:Read_ADC_Raw	16	static
../Core/Src/main.c:98:7:ADC_To_Voltage	24	static
../Core/Src/main.c:108:7:SEN0257_Voltage_To_MPa	24	static
../Core/Src/main.c:118:7:SEN0257_Voltage_To_Bar	24	static
../Core/Src/main.c:126:7:SEN0257_Depth_From_Surface	24	static
../Core/Src/main.c:146:5:main	80	static
../Core/Src/main.c:213:6:SystemClock_Config	88	static
../Core/Src/main.c:260:13:MX_ADC1_Init	24	static
../Core/Src/main.c:307:13:MX_USART1_UART_Init	8	static
../Core/Src/main.c:340:13:MX_GPIO_Init	40	static
../Core/Src/main.c:375:6:Error_Handler	4	static,ignoring_inline_asm
