15:58:49 **** Incremental Build of configuration Debug for project APSkontrol ****
make -j12 all 
arm-none-eabi-gcc "../Core/Src/SoH_APS_Config.c" -mcpu=cortex-m3 -std=gnu11 -g3 -DDEBUG -DUSE_HAL_DRIVER -DSTM32F103xB -c -I../Core/Inc -I../Drivers/STM32F1xx_HAL_Driver/Inc/Legacy -I../Drivers/STM32F1xx_HAL_Driver/Inc -I../Drivers/CMSIS/Device/ST/STM32F1xx/Include -I../Drivers/CMSIS/Include -O0 -ffunction-sections -fdata-sections -Wall -fstack-usage -fcyclomatic-complexity -MMD -MP -MF"Core/Src/SoH_APS_Config.d" -MT"Core/Src/SoH_APS_Config.o" --specs=nano.specs -mfloat-abi=soft -mthumb -o "Core/Src/SoH_APS_Config.o"
arm-none-eabi-gcc -o "APSkontrol.elf" @"objects.list"   -mcpu=cortex-m3 -T"/home/alinux/project/SoH/APS/APSkontrol/STM32F103C8TX_FLASH.ld" --specs=nosys.specs -Wl,-Map="APSkontrol.map" -Wl,--gc-sections -static --specs=nano.specs -mfloat-abi=soft -mthumb -Wl,--start-group -lc -lm -Wl,--end-group
Finished building target: APSkontrol.elf
 
arm-none-eabi-size  APSkontrol.elf 
arm-none-eabi-objdump -h -S APSkontrol.elf  > "APSkontrol.list"
   text	   data	    bss	    dec	    hex	filename
  14968	    124	   2076	  17168	   4310	APSkontrol.elf
Finished building: default.size.stdout
 
Finished building: APSkontrol.list
 
15:58:56 **** Incremental Build of configuration Debug for project APSkontrol ****
make -j12 all 
arm-none-eabi-size  APSkontrol.elf 
   text	   data	    bss	    dec	    hex	filename
  14968	    124	   2076	  17168	   4310	APSkontrol.elf
Finished building: default.size.stdout
 
16:02:47 **** Incremental Build of configuration Debug for project APSkontrol ****
make -j12 all 
arm-none-eabi-gcc "../Core/Src/SoH_APS_Config.c" -mcpu=cortex-m3 -std=gnu11 -g3 -DDEBUG -DUSE_HAL_DRIVER -DSTM32F103xB -c -I../Core/Inc -I../Drivers/STM32F1xx_HAL_Driver/Inc/Legacy -I../Drivers/STM32F1xx_HAL_Driver/Inc -I../Drivers/CMSIS/Device/ST/STM32F1xx/Include -I../Drivers/CMSIS/Include -O0 -ffunction-sections -fdata-sections -Wall -fstack-usage -fcyclomatic-complexity -MMD -MP -MF"Core/Src/SoH_APS_Config.d" -MT"Core/Src/SoH_APS_Config.o" --specs=nano.specs -mfloat-abi=soft -mthumb -o "Core/Src/SoH_APS_Config.o"
arm-none-eabi-gcc -o "APSkontrol.elf" @"objects.list"   -mcpu=cortex-m3 -T"/home/alinux/project/SoH/APS/APSkontrol/STM32F103C8TX_FLASH.ld" --specs=nosys.specs -Wl,-Map="APSkontrol.map" -Wl,--gc-sections -static --specs=nano.specs -mfloat-abi=soft -mthumb -u _printf_float -u _scanf_float -Wl,--start-group -lc -lm -Wl,--end-group
Finished building target: APSkontrol.elf
 
arm-none-eabi-size  APSkontrol.elf 
arm-none-eabi-objdump -h -S APSkontrol.elf  > "APSkontrol.list"
   text	   data	    bss	    dec	    hex	filename
  33812	    500	   2084	  36396	   8e2c	APSkontrol.elf
Finished building: default.size.stdout
 
Finished building: APSkontrol.list
 
